[20:09:25] === run_benchmark config: models=2 langs=2 samples=1 repeats=1 phase=both resume=True out_dir=new-smoke3
[20:09:25]   models in order: ['granite4:350m-h', 'LiquidAI/lfm2.5-350m:latest']
[20:09:25]   languages: ['eng_Latn', 'rus_Cyrl']
[20:09:25] -- PHASE A_fixed_tokens --
[20:09:25]   >>> granite4:350m-h × A_fixed_tokens START
[20:09:26]   [preflight] 'granite4:350m-h' available=True VRAM=2657MiB loaded_before=[]
[20:09:26]   [ensure_loaded] ok — load_duration=500ms VRAM: 2657 -> 2657 MiB
[20:09:26]   >>> granite4:350m-h cells_target = 2
[20:09:33]   >>> granite4:350m-h cells=2 saved=2 skipped=0 failed=0 retries=0
[20:09:34]   [unload] 'granite4:350m-h' success=True elapsed=1.0s VRAM_after=2657MiB
[20:09:34]   >>> granite4:350m-h × A_fixed_tokens DONE
[20:09:34]   >>> LiquidAI/lfm2.5-350m:latest × A_fixed_tokens START
[20:09:34]   [preflight] 'LiquidAI/lfm2.5-350m:latest' available=True VRAM=2657MiB loaded_before=[]
[20:09:35]   [ensure_loaded] ok — load_duration=475ms VRAM: 2657 -> 2657 MiB
[20:09:35]   >>> LiquidAI/lfm2.5-350m:latest cells_target = 2
[20:09:40]   >>> LiquidAI/lfm2.5-350m:latest cells=2 saved=2 skipped=0 failed=0 retries=0
[20:09:41]   [unload] 'LiquidAI/lfm2.5-350m:latest' success=True elapsed=1.0s VRAM_after=2657MiB
[20:09:41]   >>> LiquidAI/lfm2.5-350m:latest × A_fixed_tokens DONE
[20:09:41] -- PHASE B_fixed_semantic_length --
[20:09:41]   >>> granite4:350m-h × B_fixed_semantic_length START
[20:09:41]   [preflight] 'granite4:350m-h' available=True VRAM=2657MiB loaded_before=[]
[20:09:42]   [ensure_loaded] ok — load_duration=514ms VRAM: 2657 -> 2657 MiB
[20:09:42]   >>> granite4:350m-h cells_target = 2
[20:09:49]   >>> granite4:350m-h cells=2 saved=2 skipped=0 failed=0 retries=0
[20:09:50]   [unload] 'granite4:350m-h' success=True elapsed=1.0s VRAM_after=2657MiB
[20:09:50]   >>> granite4:350m-h × B_fixed_semantic_length DONE
[20:09:50]   >>> LiquidAI/lfm2.5-350m:latest × B_fixed_semantic_length START
[20:09:50]   [preflight] 'LiquidAI/lfm2.5-350m:latest' available=True VRAM=2657MiB loaded_before=[]
[20:09:50]   [ensure_loaded] ok — load_duration=482ms VRAM: 2657 -> 2657 MiB
[20:09:50]   >>> LiquidAI/lfm2.5-350m:latest cells_target = 2
[20:09:56]   >>> LiquidAI/lfm2.5-350m:latest cells=2 saved=2 skipped=0 failed=0 retries=0
[20:09:57]   [unload] 'LiquidAI/lfm2.5-350m:latest' success=True elapsed=1.0s VRAM_after=2657MiB
[20:09:57]   >>> LiquidAI/lfm2.5-350m:latest × B_fixed_semantic_length DONE
[20:09:57] === run_benchmark done — report at results/raw/new-smoke3/RUN_REPORT.md ===
